C51 COMPILER V9.56.0.0   I2C                                                               08/02/2017 15:03:38 PAGE 1   


C51 COMPILER V9.56.0.0, COMPILATION OF MODULE I2C
OBJECT MODULE PLACED IN .\Objects\i2c.obj
COMPILER INVOKED BY: C:\Keil\ARM\C51\BIN\C51.EXE i2c.c OPTIMIZE(8,SPEED) BROWSE DEBUG OBJECTEXTEND PRINT(.\Listings\i2c.
                    -lst) OBJECT(.\Objects\i2c.obj)

line level    source

   1          #include "i2c.h"
   2          
   3          #define _nop4_  {_nop_();_nop_();_nop_();_nop_();}
   4          
   5          void delay_us(int i){
   6   1          while(i--);
   7   1      }
   8          
   9          void delay_ms(int i){
  10   1          unsigned char j;
  11   1          for(;i>0;i--)
  12   1              for(j=110;j>0;j--);
  13   1      }
  14          
  15          void i2c_init(){
  16   1          SDA = 1;
  17   1          SCL = 1;
  18   1      }
  19          
  20          void i2c_start(){
  21   1          SDA = 1;
  22   1          SCL = 1;
  23   1          _nop4_;
  24   1          SDA = 0;
  25   1          _nop4_;
  26   1          SCL = 0;
  27   1          _nop4_;
  28   1      }
  29          
  30          void i2c_stop(){
  31   1          SDA = 0;
  32   1          SCL = 0;
  33   1          _nop4_;
  34   1          SCL = 1;
  35   1          _nop4_;
  36   1          SDA = 1;
  37   1          _nop4_;
  38   1      }
  39          
  40          void i2c_ack(bit ack){
  41   1          SDA = ack;
  42   1          _nop4_;
  43   1          SCL = 1;
  44   1          _nop4_;
  45   1          SCL = 0;    
  46   1      }
  47          
  48          bit i2c_write(unsigned char dat){
  49   1          bit ack;
  50   1          unsigned char mask;
  51   1          for(mask = 0x80;mask!=0;mask>>=1){
  52   2              if((mask&dat)==0){
  53   3                  SDA = 0;
  54   3              }else{
C51 COMPILER V9.56.0.0   I2C                                                               08/02/2017 15:03:38 PAGE 2   

  55   3                  SDA = 1;
  56   3              }
  57   2              _nop4_;
  58   2              SCL = 1;
  59   2              _nop4_;
  60   2              SCL = 0;
  61   2          }
  62   1          SDA = 1;
  63   1          _nop4_;
  64   1          SCL = 1;
  65   1          ack = SDA;
  66   1          _nop4_;
  67   1          SCL = 0;
  68   1          return ~ack;
  69   1      }
  70          
  71          
  72          unsigned char i2c_read_nack(){
  73   1          unsigned char mask;
  74   1          unsigned char dat;
  75   1          SDA = 1;
  76   1          for(mask=0x80;mask!=0;mask>>=1){
  77   2              _nop4_;
  78   2              SCL = 1;
  79   2              if(SDA==0){
  80   3                  dat &= ~mask;
  81   3              }else{
  82   3                  dat |= mask;
  83   3              }
  84   2              _nop4_;
  85   2              SCL = 0;
  86   2          }
  87   1          SDA = 1;
  88   1          _nop4_;
  89   1          SCL = 1;
  90   1          _nop4_;
  91   1          SCL = 0;
  92   1          return dat;
  93   1      }
  94          
  95          unsigned char i2c_read_ack(){
  96   1          unsigned char mask;
  97   1          unsigned char dat;
  98   1          SDA = 1;
  99   1          for(mask=0x80;mask!=0;mask>>=1){
 100   2              _nop4_;
 101   2              SCL = 1;
 102   2              if(SDA==0){
 103   3                  dat &= ~mask;
 104   3              }else{
 105   3                  dat |= mask;
 106   3              }
 107   2              _nop4_;
 108   2              SCL = 0;
 109   2          }
 110   1          SDA = 0;
 111   1          _nop4_;
 112   1          SCL = 1;
 113   1          _nop4_;
 114   1          SCL = 0;
 115   1          return dat;  
 116   1      }
C51 COMPILER V9.56.0.0   I2C                                                               08/02/2017 15:03:38 PAGE 3   



MODULE INFORMATION:   STATIC OVERLAYABLE
   CODE SIZE        =    254    ----
   CONSTANT SIZE    =   ----    ----
   XDATA SIZE       =   ----    ----
   PDATA SIZE       =   ----    ----
   DATA SIZE        =   ----    ----
   IDATA SIZE       =   ----    ----
   BIT SIZE         =   ----       2
END OF MODULE INFORMATION.


C51 COMPILATION COMPLETE.  0 WARNING(S),  0 ERROR(S)
