C51 COMPILER V9.56.0.0   MAIN                                                              08/04/2017 16:23:19 PAGE 1   


C51 COMPILER V9.56.0.0, COMPILATION OF MODULE MAIN
OBJECT MODULE PLACED IN .\Objects\main.obj
COMPILER INVOKED BY: C:\Keil\ARM\C51\BIN\C51.EXE main.c OPTIMIZE(8,SPEED) BROWSE DEBUG OBJECTEXTEND PRINT(.\Listings\mai
                    -n.lst) OBJECT(.\Objects\main.obj)

line level    source

   1          #include "ds1307.h"
   2          
   3          #define ADDR 0xd0
   4          
   5          void test_rtc()
   6          {
   7   1          RTC rtc;
   8   1          rtc.seconds = 45;
   9   1          rtc.minutes = 30;
  10   1          rtc.hours = 15;
  11   1          rtc.days = 6;
  12   1          rtc.date = 28;
  13   1          rtc.month = 7;
  14   1          rtc.year = 17;
  15   1          rtc.mode = MODE_24HOURS;
  16   1          //ds1307_delay_ms(500);
  17   1          ds1307_init();
  18   1          ds1307_write(&rtc);
  19   1          ds1307_read(&rtc);
  20   1      }
  21          
  22          void  test_rom()
  23          {
  24   1          unsigned char temp[16]; 
  25   1          unsigned char buf[] = "Hello, World";
  26   1          ds1307_read_rom(temp, 16);
  27   1          //ds1307_write_rom(buf,sizeof(buf)/sizeof(unsigned char));
  28   1      }
  29          
  30          void main()
  31          { 
  32   1          test_rom();
  33   1          while(1);
  34   1      }


MODULE INFORMATION:   STATIC OVERLAYABLE
   CODE SIZE        =     82    ----
   CONSTANT SIZE    =     13    ----
   XDATA SIZE       =   ----    ----
   PDATA SIZE       =   ----    ----
   DATA SIZE        =   ----      44
   IDATA SIZE       =   ----    ----
   BIT SIZE         =   ----    ----
END OF MODULE INFORMATION.


C51 COMPILATION COMPLETE.  0 WARNING(S),  0 ERROR(S)
