C51 COMPILER V9.56.0.0   MAIN                                                              07/29/2017 19:50:22 PAGE 1   


C51 COMPILER V9.56.0.0, COMPILATION OF MODULE MAIN
OBJECT MODULE PLACED IN .\Objects\main.obj
COMPILER INVOKED BY: C:\Keil\ARM\C51\BIN\C51.EXE main.c OPTIMIZE(8,SPEED) BROWSE DEBUG OBJECTEXTEND PRINT(.\Listings\mai
                    -n.lst) OBJECT(.\Objects\main.obj)

line level    source

   1          #include        "tm1638.h"
   2          #include    <intrins.h>
   3          
   4          unsigned char num[8];           //各个数码管显示的值
   5          
   6          void init()
   7          {
   8   1              unsigned char i;
   9   1              init_TM1638();                             //初始化TM1638
  10   1              for(i=0;i<8;i++)
  11   1              Write_DATA(i<<1,tab[i]);                       //初始化寄存器
  12   1      }
  13          
  14          void delay(int ms)
  15          {
  16   1          int i, j;
  17   1          for(i = 0;i<ms;i++)
  18   1              for(j=0;j<100;j++)
  19   1                  ;
  20   1      }
  21          
  22          void test_all()
  23          {
  24   1              unsigned char i;
  25   1              while(1)
  26   1              {
  27   2                      i=Read_key();                          //读按键值
  28   2                      if(i<8)
  29   2                      {
  30   3                              num[i]++;
  31   3                              while(Read_key()==i);                  //等待按键释放
  32   3                              if(num[i]>15)
  33   3                              num[i]=0;
  34   3                              Write_DATA(i*2,tab[num[i]]);
  35   3                              Write_allLED(1<<i);
  36   3                      }
  37   2              }
  38   1      }
  39          
  40          // 流水灯，用到8位数码管，8个LED
  41          // 同时数码管显示二进制位的值
  42          void test_flash_led()
  43          {
  44   1          unsigned char i, j;
  45   1          unsigned char v;
  46   1          v = 0xfe;//1111 1110
  47   1          while(1)
  48   1          {
  49   2              for(i=0;i<8;i++)
  50   2              {  
  51   3                  for(j=0;j<8;j++)
  52   3                      Write_DATA(j<<1, tab[(v & (1 << j))>>j]);
  53   3                  Write_allLED(v);
  54   3                  v = _crol_(v,1);
C51 COMPILER V9.56.0.0   MAIN                                                              07/29/2017 19:50:22 PAGE 2   

  55   3                  //v =(v << 1) | (v >> 7);
  56   3                  //v = _cror_(v,1);
  57   3                  //v = (v >> 1) | (v << 7)
  58   3                  delay(500);
  59   3              }
  60   2          }
  61   1      }
  62          
  63          int main(void)
  64          {
  65   1          init();
  66   1          test_flash_led();
  67   1      }
  68          
*** WARNING C290 IN LINE 67 OF main.c: missing return value


MODULE INFORMATION:   STATIC OVERLAYABLE
   CODE SIZE        =    481    ----
   CONSTANT SIZE    =     16    ----
   XDATA SIZE       =   ----    ----
   PDATA SIZE       =   ----    ----
   DATA SIZE        =      8       5
   IDATA SIZE       =   ----    ----
   BIT SIZE         =   ----    ----
END OF MODULE INFORMATION.


C51 COMPILATION COMPLETE.  1 WARNING(S),  0 ERROR(S)
