C51 COMPILER V9.56.0.0   LED_TRIODE                                                        07/21/2017 23:55:31 PAGE 1   


C51 COMPILER V9.56.0.0, COMPILATION OF MODULE LED_TRIODE
OBJECT MODULE PLACED IN .\Objects\led_triode.obj
COMPILER INVOKED BY: C:\Keil\ARM\C51\BIN\C51.EXE led_triode.c OPTIMIZE(8,SPEED) BROWSE DEBUG OBJECTEXTEND PRINT(.\Listin
                    -gs\led_triode.lst) TABS(2) OBJECT(.\Objects\led_triode.obj)

line level    source

   1          #include <reg51.h>
   2          
   3          sbit LED = P2^0;
   4          
   5          void delay_1s(){
   6   1        unsigned int i,j,k;
   7   1        for(i = 60;i > 0; i--)
   8   1        for(j = 80; j > 0; j--)
   9   1        for(k = 40; k > 0; k--);
  10   1      }
  11          
  12          unsigned int num;
  13          void main(){
  14   1        LED = 1;
  15   1        while(1){
  16   2          LED = ~LED;
  17   2          delay_1s();
  18   2        }
  19   1      }


MODULE INFORMATION:   STATIC OVERLAYABLE
   CODE SIZE        =     49    ----
   CONSTANT SIZE    =   ----    ----
   XDATA SIZE       =   ----    ----
   PDATA SIZE       =   ----    ----
   DATA SIZE        =      2    ----
   IDATA SIZE       =   ----    ----
   BIT SIZE         =   ----    ----
END OF MODULE INFORMATION.


C51 COMPILATION COMPLETE.  0 WARNING(S),  0 ERROR(S)
