C51 COMPILER V9.56.0.0   LED_TIMER0                                                        07/29/2017 21:49:03 PAGE 1   


C51 COMPILER V9.56.0.0, COMPILATION OF MODULE LED_TIMER0
OBJECT MODULE PLACED IN .\Objects\led_timer0.obj
COMPILER INVOKED BY: C:\Keil\ARM\C51\BIN\C51.EXE led_timer0.c OPTIMIZE(8,SPEED) BROWSE DEBUG OBJECTEXTEND PRINT(.\Listin
                    -gs\led_timer0.lst) OBJECT(.\Objects\led_timer0.obj)

line level    source

   1          #include <reg51.h>
   2          
   3          #define uchar unsigned char
   4          #define uint unsigned int
   5              
   6          sbit led = P2^0;
   7          uchar num;
   8          
   9          void main()
  10          {
  11   1          TMOD = 0x01; // timer0 work mode
  12   1          TH0 = (65535-45872)/256; // for 11.0592MHz
  13   1          TL0 = (65535-45872)%256; // init
  14   1          EA = 1; // global on-off
  15   1          ET0 = 1; // timer0 interrupt
  16   1          TR0 = 1; // start timer0
  17   1          while(1) // wait for interrupt
  18   1          {
  19   2              // 20 * 50ms = 1s
  20   2              if(num == 20)
  21   2              {
  22   3                  num = 0;
  23   3                  led = !led;
  24   3              }       
  25   2          }
  26   1      }
  27          
  28          void T0_time() interrupt 1
  29          {
  30   1          TH0 = (65535-45872)/256; // for 11.0592MHz
  31   1          TL0 = (65535-45872)%256; // init
  32   1          num++;
  33   1      }


MODULE INFORMATION:   STATIC OVERLAYABLE
   CODE SIZE        =     36    ----
   CONSTANT SIZE    =   ----    ----
   XDATA SIZE       =   ----    ----
   PDATA SIZE       =   ----    ----
   DATA SIZE        =      1    ----
   IDATA SIZE       =   ----    ----
   BIT SIZE         =   ----    ----
END OF MODULE INFORMATION.


C51 COMPILATION COMPLETE.  0 WARNING(S),  0 ERROR(S)
