C51 COMPILER V9.56.0.0   DEBUG                                                             07/30/2017 22:19:40 PAGE 1   


C51 COMPILER V9.56.0.0, COMPILATION OF MODULE DEBUG
OBJECT MODULE PLACED IN .\Objects\debug.obj
COMPILER INVOKED BY: C:\Keil\ARM\C51\BIN\C51.EXE debug.c OPTIMIZE(8,SPEED) BROWSE DEBUG OBJECTEXTEND PRINT(.\Listings\de
                    -bug.lst) OBJECT(.\Objects\debug.obj)

line level    source

   1          #include "debug.h"
   2          
   3          void debug_init()
   4          {
   5   1          TMOD = 0x20;
   6   1          TH1 = 0xfd; // timer1 init
   7   1          TL1 = 0xfd; // timer1 init
   8   1          TR1 = 1; // timer1 start
   9   1          SCON = 0x50;
  10   1          EA = 1; // global interrupt on
  11   1          ES = 1; // serial interrupt on
  12   1      }
  13          
  14          void debug_print(unsigned char* message)
  15          {
  16   1          ES = 0;
  17   1          TI = 1;
  18   1          puts(message);
  19   1          while(!TI);
  20   1          TI = 0;
  21   1          ES = 1;
  22   1      }
  23          
  24          void debug_printf(unsigned char* format, ...)
  25          {
  26   1          va_list vl;
  27   1          va_start(vl,format);
  28   1          ES = 0;
  29   1          TI = 1;
  30   1          vprintf(format, vl);
  31   1          while(!TI);
  32   1          TI = 0;
  33   1          ES = 1;
  34   1          va_end(vl);
  35   1      }


MODULE INFORMATION:   STATIC OVERLAYABLE
   CODE SIZE        =     82    ----
   CONSTANT SIZE    =   ----    ----
   XDATA SIZE       =   ----    ----
   PDATA SIZE       =   ----    ----
   DATA SIZE        =   ----      21
   IDATA SIZE       =   ----    ----
   BIT SIZE         =   ----    ----
END OF MODULE INFORMATION.


C51 COMPILATION COMPLETE.  0 WARNING(S),  0 ERROR(S)
