C51 COMPILER V9.56.0.0   MAIN                                                              07/30/2017 22:19:40 PAGE 1   


C51 COMPILER V9.56.0.0, COMPILATION OF MODULE MAIN
OBJECT MODULE PLACED IN .\Objects\main.obj
COMPILER INVOKED BY: C:\Keil\ARM\C51\BIN\C51.EXE main.c OPTIMIZE(8,SPEED) BROWSE DEBUG OBJECTEXTEND PRINT(.\Listings\mai
                    -n.lst) OBJECT(.\Objects\main.obj)

line level    source

   1          #include "debug.h"
   2          #include "tm1637.h"
   3          #include <stdio.h>
   4          
   5          typedef unsigned char uint8_t;
   6          typedef unsigned int uint16_t;
   7          
   8          uint16_t count;
   9          uint16_t seconds = 9876;
  10          
  11          void reverse(uint8_t *arr, uint16_t length)
  12          {
  13   1          uint16_t i,j;
  14   1          uint8_t temp;
  15   1          j = length - 1;   // j will point to last element
  16   1          i = 0;       // i will be pointing to first element
  17   1       
  18   1          while (i < j) {
  19   2              temp = arr[i];
  20   2              arr[i] = arr[j];
  21   2              arr[j] = temp;
  22   2              i++;             // increment i
  23   2              j--;          // decrement j
  24   2          }
  25   1      }
  26          
  27          void get_digits(uint16_t num, uint8_t* digits)
  28          {
  29   1          uint8_t index = 0;
  30   1          uint8_t i = 0;
  31   1          while(num > 0){
  32   2              i = num % 10;
  33   2              num /= 10;
  34   2              digits[index++] = i;  
  35   2          }
  36   1      }
  37          
  38          void display(uint16_t value)
  39          {
  40   1          uint8_t buf[4];
  41   1          get_digits(value, buf);
  42   1          reverse(buf, 4);
  43   1          TM1637_display_numbers(buf,4);
  44   1          delay_ms(5);
  45   1      }
  46          
  47          void uart_init()
  48          {
  49   1          //TMOD = 0x20;
  50   1          TH1 = 0xfd; // timer1 init
  51   1          TL1 = 0xfd; // timer1 init
  52   1          TR1 = 1; // timer1 start
  53   1          SCON = 0x50;
  54   1          EA = 1; // global interrupt on
C51 COMPILER V9.56.0.0   MAIN                                                              07/30/2017 22:19:40 PAGE 2   

  55   1          ES = 1; // serial interrupt on
  56   1      }
  57          
  58          void timer0_init( void )
  59          {
  60   1          TMOD = TMOD | 0x01;
  61   1          TH0=(65535-45872)/256;
  62   1          TL0=(65535-45872)%256;
  63   1          ET0=1;
  64   1          EA=1;
  65   1          TR0=1;
  66   1      }
  67          
  68          void init(){
  69   1          timer0_init();
  70   1      }
  71          
  72          void timer0_isr() interrupt 1
  73          {
  74   1          TH0=(65535-45872)/256;  //50ms
  75   1          TL0=(65535-45872)%256;  //
  76   1          count++;
  77   1      }
  78          
  79          void main(){
  80   1          debug_init();
  81   1          init();
  82   1          TM1637_init();
  83   1          while(1){
  84   2              display(seconds);
  85   2              if(count == 20){
  86   3                  seconds--;
  87   3                  count = 0;
  88   3                  debug_printf("Seconds: %u\n", seconds);
  89   3                  //ES = 0;
  90   3                  //TI = 1;
  91   3                  //printf("Seconds: %u\n", seconds);
  92   3                  //while(!TI);
  93   3                  //TI = 0;
  94   3                  //ES = 1;
  95   3              }
  96   2          }
  97   1      }


MODULE INFORMATION:   STATIC OVERLAYABLE
   CODE SIZE        =    309    ----
   CONSTANT SIZE    =     13    ----
   XDATA SIZE       =   ----    ----
   PDATA SIZE       =   ----    ----
   DATA SIZE        =      4      17
   IDATA SIZE       =   ----    ----
   BIT SIZE         =   ----    ----
END OF MODULE INFORMATION.


C51 COMPILATION COMPLETE.  0 WARNING(S),  0 ERROR(S)
