C51 COMPILER V9.56.0.0   SIMPLE_1                                                          07/30/2017 22:19:40 PAGE 1   


C51 COMPILER V9.56.0.0, COMPILATION OF MODULE SIMPLE_1
OBJECT MODULE PLACED IN .\Objects\simple_1.obj
COMPILER INVOKED BY: C:\Keil\ARM\C51\BIN\C51.EXE simple_1.c OPTIMIZE(8,SPEED) BROWSE DEBUG OBJECTEXTEND PRINT(.\Listings
                    -\simple_1.lst) OBJECT(.\Objects\simple_1.obj)

line level    source

   1          #include <reg51.h>
   2          
   3          typedef unsigned char uint8_t;
   4          typedef unsigned int uint16_t;
   5          
   6          static uint8_t flag,a,i;
   7          static uint8_t code table[] = "I get ";
   8          
   9          static void uart_init()
  10          {
  11   1          TMOD = 0x20; //set timer1 mode 2
  12   1          TH1 = 0xfd; // timer1 init
  13   1          TL1 = 0xfd; // timer1 init
  14   1          TR1 = 1; // timer1 start
  15   1          REN = 1; // allow serial receive
  16   1          SM0 = 0; // serial mode 1
  17   1          SM1 = 1; // serial mode 1
  18   1          EA = 1; // global interrupt on
  19   1          ES = 1; // serial interrupt on
  20   1      }
  21          
  22          static void uart_receive() interrupt 4
  23          {
  24   1          RI = 0; // wait next receive
  25   1          a = SBUF; // read 
  26   1          flag = 1; // received flag
  27   1      }
  28          
  29          
  30          static void main0()
  31          {
  32   1          uart_init();
  33   1          while(1){
  34   2              if(flag == 1){
  35   3                  ES = 0; // serial int off
  36   3                  for(i=0;i<6;i++){
  37   4                      SBUF = table[i];
  38   4                      while(!TI); // wait send complete
  39   4                      TI = 0;
  40   4                  }
  41   3                  SBUF = a; // send data
  42   3                  while(!TI); // wait send complete
  43   3                  TI = 0;
  44   3                  SBUF = '\n';
  45   3                  while(!TI);
  46   3                  TI = 0;
  47   3                  ES = 1; // serial int on
  48   3                  flag = 0;
  49   3              }
  50   2          }
  51   1          
  52   1      }


C51 COMPILER V9.56.0.0   SIMPLE_1                                                          07/30/2017 22:19:40 PAGE 2   

MODULE INFORMATION:   STATIC OVERLAYABLE
   CODE SIZE        =     87    ----
   CONSTANT SIZE    =      7    ----
   XDATA SIZE       =   ----    ----
   PDATA SIZE       =   ----    ----
   DATA SIZE        =      3    ----
   IDATA SIZE       =   ----    ----
   BIT SIZE         =   ----    ----
END OF MODULE INFORMATION.


C51 COMPILATION COMPLETE.  0 WARNING(S),  0 ERROR(S)
