C51 COMPILER V9.56.0.0   MAIN                                                              08/02/2017 17:13:20 PAGE 1   


C51 COMPILER V9.56.0.0, COMPILATION OF MODULE MAIN
OBJECT MODULE PLACED IN .\Objects\main.obj
COMPILER INVOKED BY: C:\Keil\ARM\C51\BIN\C51.EXE main.c OPTIMIZE(8,SPEED) BROWSE DEBUG OBJECTEXTEND PRINT(.\Listings\mai
                    -n.lst) OBJECT(.\Objects\main.obj)

line level    source

   1          #include<reg51.h>
   2          
   3          /* Configure the data bus and Control pins as per the hardware connection
   4             Databus is connected to P2_0:P2_7 and control bus P0_0:P0_2*/
   5          #define LcdDataBus  P2
   6          sbit LCD_RS = P3^0;
   7          sbit LCD_RW = P3^1;
   8          sbit LCD_EN = P3^2;
   9          
  10          /* local function to generate delay */
  11          void delay_us(int cnt)
  12          {
  13   1          int i;
  14   1          for(i=0;i<cnt;i++);
  15   1      }
  16          
  17          /* Function to send the command to LCD */
  18          void Lcd_CmdWrite( char cmd)
  19          {
  20   1          LcdDataBus=cmd;    // Send the command to LCD
  21   1          LCD_RS=0;          // Select the Command Register by pulling RS LOW
  22   1          LCD_RW=0;          // Select the Write Operation  by pulling RW LOW
  23   1          LCD_EN=1;          // Send a High-to-Low Pusle at Enable Pin
  24   1          delay_us(10);
  25   1          LCD_EN=0;
  26   1          delay_us(1000);
  27   1      }
  28          
  29          /* Function to send the Data to LCD */
  30          void Lcd_DataWrite( char dat)
  31          {
  32   1          LcdDataBus=dat;   // Send the data to LCD
  33   1          LCD_RS=1;         // Select the Data Register by pulling RS HIGH
  34   1          LCD_RW=0;          // Select the Write Operation by pulling RW LOW
  35   1          LCD_EN=1;         // Send a High-to-Low Pusle at Enable Pin
  36   1          delay_us(10);
  37   1          LCD_EN=0;
  38   1          delay_us(1000);
  39   1      }
  40          
  41          int main()
  42          {
  43   1          char i,a[]={"Good morning!"};
  44   1      
  45   1          Lcd_CmdWrite(0x38);        // enable 5x7 mode for chars
  46   1          Lcd_CmdWrite(0x0E);        // Display OFF, Cursor ON
  47   1          Lcd_CmdWrite(0x01);        // Clear Display
  48   1          Lcd_CmdWrite(0x80);        // Move the cursor to beginning of first line
  49   1      
  50   1          Lcd_DataWrite('H');
  51   1          Lcd_DataWrite('e');
  52   1          Lcd_DataWrite('l');
  53   1          Lcd_DataWrite('l');
  54   1          Lcd_DataWrite('o');
C51 COMPILER V9.56.0.0   MAIN                                                              08/02/2017 17:13:20 PAGE 2   

  55   1          Lcd_DataWrite(' ');
  56   1          Lcd_DataWrite('w');
  57   1          Lcd_DataWrite('o');
  58   1          Lcd_DataWrite('r');
  59   1          Lcd_DataWrite('l');
  60   1          Lcd_DataWrite('d');
  61   1      
  62   1          Lcd_CmdWrite(0xc0);        //Go to Next line and display Good Morning
  63   1          for(i=0;a[i]!=0;i++)
  64   1          {
  65   2              Lcd_DataWrite(a[i]);
  66   2          }
  67   1      
  68   1          while(1);
  69   1      }


MODULE INFORMATION:   STATIC OVERLAYABLE
   CODE SIZE        =    176    ----
   CONSTANT SIZE    =     14    ----
   XDATA SIZE       =   ----    ----
   PDATA SIZE       =   ----    ----
   DATA SIZE        =   ----      14
   IDATA SIZE       =   ----    ----
   BIT SIZE         =   ----    ----
END OF MODULE INFORMATION.


C51 COMPILATION COMPLETE.  0 WARNING(S),  0 ERROR(S)
