C51 COMPILER V9.56.0.0   DS1307                                                            08/04/2017 16:35:16 PAGE 1   


C51 COMPILER V9.56.0.0, COMPILATION OF MODULE DS1307
OBJECT MODULE PLACED IN .\Objects\ds1307.obj
COMPILER INVOKED BY: C:\Keil\ARM\C51\BIN\C51.EXE ds1307.c OPTIMIZE(8,SPEED) DEBUG OBJECTEXTEND PRINT(.\Listings\ds1307.l
                    -st) OBJECT(.\Objects\ds1307.obj)

line level    source

   1          #include "ds1307.h"
   2          
   3          static unsigned char bcd2bin(unsigned char val) { return val - 6 * (val >> 4); }
   4          static unsigned char bin2bcd(unsigned char val) { return val + 6 * (val / 10); }
   5          
   6          static void fill_buffer(RTC *rtc)
   7          {
   8   1          rtc->buf[0] = bin2bcd(rtc->seconds);
   9   1          rtc->buf[1] = bin2bcd(rtc->minutes);
  10   1          rtc->buf[2] = bin2bcd(rtc->hours);
  11   1          rtc->buf[3] = bin2bcd(rtc->days);
  12   1          rtc->buf[4] = bin2bcd(rtc->date);
  13   1          rtc->buf[5] = bin2bcd(rtc->month);
  14   1          rtc->buf[6] = bin2bcd(rtc->year);
  15   1      }
  16          
  17          void ds1307_delay_ms(int i)
  18          {
  19   1          int k;
  20   1          for(;i>0;i--)
  21   1              for(k=110;k>0;k--);
  22   1      }
  23          
  24          void ds1307_init()
  25          {
  26   1          i2c_init();
  27   1          i2c_start();
  28   1          i2c_write(DS1307_MODE_WRITE);
  29   1          i2c_write(DS1307_REG_ADDR_CTRL);
  30   1          i2c_write(0x00);//RS1 = RS0 = 0
  31   1          i2c_stop();
  32   1      }
  33          
  34          void ds1307_read(RTC *rtc)
  35          {
  36   1          unsigned char temp;
  37   1          _ds1307_read_raw(DS1307_REG_ADDR_SEC, rtc->buf, DS1307_LENGTH);
  38   1          rtc->seconds = bcd2bin(rtc->buf[0]);
  39   1          rtc->minutes = bcd2bin(rtc->buf[1]);
  40   1          temp = rtc->buf[2];
  41   1          if(temp & 0x40){
  42   2             // 12 hours mode 
  43   2              rtc->mode = MODE_12HOURS;
  44   2             if(temp & 0x20){
  45   3                rtc->hours = bcd2bin(temp)+12;  
  46   3             } else{
  47   3                rtc->hours = bcd2bin(temp);
  48   3             }
  49   2          }else{
  50   2              rtc->mode = MODE_24HOURS;
  51   2              rtc->hours = bcd2bin(temp);
  52   2          }
  53   1          rtc->days = bcd2bin(rtc->buf[3]);
  54   1          rtc->date = bcd2bin(rtc->buf[4]);
C51 COMPILER V9.56.0.0   DS1307                                                            08/04/2017 16:35:16 PAGE 2   

  55   1          rtc->month = bcd2bin(rtc->buf[5]);
  56   1          rtc->year = bcd2bin(rtc->buf[6]);
  57   1      }
  58          
  59          bit ds1307_write(RTC *rtc)
  60          {
  61   1          fill_buffer(rtc);
  62   1          return _ds1307_write_raw(DS1307_REG_ADDR_SEC, rtc->buf,DS1307_LENGTH);
  63   1      }
  64          
  65          void ds1307_read_rom(unsigned char buf[], int len)
  66          {
  67   1          _ds1307_read_raw(DS1307_REG_ADDR_ROM, buf, len);
  68   1      }
  69          
  70          bit ds1307_write_rom(unsigned char buf[], int len)
  71          {
  72   1          return _ds1307_write_raw(DS1307_REG_ADDR_ROM, buf ,len);
  73   1      }
  74          
  75          void _ds1307_read_raw(unsigned char addr, unsigned char buf[], int len)
  76          {
  77   1          unsigned char i;
  78   1          i2c_start();
  79   1          while(i2c_write(DS1307_MODE_WRITE)==ERR){
  80   2              i2c_start();
  81   2          }
  82   1          i2c_write(addr);
  83   1          i2c_start();
  84   1          i2c_write(DS1307_MODE_READ);
  85   1          for(i=0;i<len;i++){
  86   2              buf[i] = i2c_read();
  87   2              if(i < len -1){
  88   3                  i2c_ack();
  89   3              }
  90   2          }
  91   1          i2c_noack();
  92   1          i2c_stop();  
  93   1      }
  94          
  95          bit _ds1307_write_raw(unsigned char addr, unsigned char buf[], int len)
  96          {
  97   1          unsigned char i;
  98   1          i2c_start();
  99   1          while(i2c_write(DS1307_MODE_WRITE)==ERR){
 100   2              i2c_start();
 101   2          }
 102   1          if(i2c_write(addr) == ERR){
 103   2              return ERR;
 104   2          }
 105   1          for(i=0;i<len;i++){
 106   2              if(i2c_write(buf[i]) == ERR){
 107   3                  return ERR;
 108   3              }
 109   2          }
 110   1          i2c_stop();  
 111   1          return SUCC;
 112   1      }


MODULE INFORMATION:   STATIC OVERLAYABLE
   CODE SIZE        =    644    ----
C51 COMPILER V9.56.0.0   DS1307                                                            08/04/2017 16:35:16 PAGE 3   

   CONSTANT SIZE    =   ----    ----
   XDATA SIZE       =   ----    ----
   PDATA SIZE       =   ----    ----
   DATA SIZE        =   ----      20
   IDATA SIZE       =   ----    ----
   BIT SIZE         =   ----    ----
END OF MODULE INFORMATION.


C51 COMPILATION COMPLETE.  0 WARNING(S),  0 ERROR(S)
