C51 COMPILER V9.56.0.0   MAIN                                                              08/06/2017 10:37:56 PAGE 1   


C51 COMPILER V9.56.0.0, COMPILATION OF MODULE MAIN
OBJECT MODULE PLACED IN .\Objects\main.obj
COMPILER INVOKED BY: C:\Keil\ARM\C51\BIN\C51.EXE main.c OPTIMIZE(8,SPEED) BROWSE DEBUG OBJECTEXTEND PRINT(.\Listings\mai
                    -n.lst) OBJECT(.\Objects\main.obj)

line level    source

   1          #include<reg51.h>
   2          #include "lcd1602.h"
   3          
   4          /* Configure the data bus and Control pins as per the hardware connection
   5             Databus is connected to P2_0:P2_7 and control bus P0_0:P0_2*/
   6          #define LcdDataBus  P2
   7          sbit LCD_RS = P3^0;
   8          sbit LCD_RW = P3^1;
   9          sbit LCD_EN = P3^2;
  10          
  11          /* local function to generate delay */
  12          static void delay_us(int cnt)
  13          {
  14   1          int i;
  15   1          for(i=0;i<cnt;i++);
  16   1      }
  17          
  18          static void delay_ms(int i)
  19          {
  20   1          int k;
  21   1          for(;i>0;i--)
  22   1              for(k=110;k>0;k--);
  23   1      }
  24          
  25          /* Function to send the command to LCD */
  26          void Lcd_CmdWrite( char cmd)
  27          {
  28   1          LcdDataBus=cmd;    // Send the command to LCD
  29   1          LCD_RS=0;          // Select the Command Register by pulling RS LOW
  30   1          LCD_RW=0;          // Select the Write Operation  by pulling RW LOW
  31   1          LCD_EN=1;          // Send a High-to-Low Pusle at Enable Pin
  32   1          delay_us(10);
  33   1          LCD_EN=0;
  34   1          delay_us(1000);
  35   1      }
  36          
  37          /* Function to send the Data to LCD */
  38          void Lcd_DataWrite( char dat)
  39          {
  40   1          LcdDataBus=dat;   // Send the data to LCD
  41   1          LCD_RS=1;         // Select the Data Register by pulling RS HIGH
  42   1          LCD_RW=0;          // Select the Write Operation by pulling RW LOW
  43   1          LCD_EN=1;         // Send a High-to-Low Pusle at Enable Pin
  44   1          delay_us(10);
  45   1          LCD_EN=0;
  46   1          delay_us(1000);
  47   1      }
  48          
  49          void main()
  50          {
  51   1          unsigned char i;
  52   1          lcd_init();
  53   1          // all: 00h-27h displayed:00h-0fh
  54   1          lcd_display_string(0,20,"Hello 1602!");
C51 COMPILER V9.56.0.0   MAIN                                                              08/06/2017 10:37:56 PAGE 2   

  55   1          lcd_display_string(1,20,"2017-06-30 16:30");
  56   1          lcd_move_right(60);
  57   1          while(1);
  58   1      }
*** WARNING C280 IN LINE 51 OF main.c: 'i': unreferenced local variable
  59          
  60          void main0()
  61          {
  62   1          char i,a[]={"Good morning!"};
  63   1      
  64   1          Lcd_CmdWrite(0x38);        // enable 5x7 mode for chars
  65   1          Lcd_CmdWrite(0x0E);        // Display OFF, Cursor ON
  66   1          Lcd_CmdWrite(0x01);        // Clear Display
  67   1          Lcd_CmdWrite(0x80);        // Move the cursor to beginning of first line
  68   1      
  69   1          Lcd_DataWrite('H');
  70   1          Lcd_DataWrite('e');
  71   1          Lcd_DataWrite('l');
  72   1          Lcd_DataWrite('l');
  73   1          Lcd_DataWrite('o');
  74   1          Lcd_DataWrite(' ');
  75   1          Lcd_DataWrite('w');
  76   1          Lcd_DataWrite('o');
  77   1          Lcd_DataWrite('r');
  78   1          Lcd_DataWrite('l');
  79   1          Lcd_DataWrite('d');
  80   1      
  81   1          Lcd_CmdWrite(0xc0);        //Go to Next line and display Good Morning
  82   1          for(i=0;a[i]!=0;i++)
  83   1          {
  84   2              Lcd_DataWrite(a[i]);
  85   2          }
  86   1      
  87   1          while(1);
  88   1      }


MODULE INFORMATION:   STATIC OVERLAYABLE
   CODE SIZE        =    244    ----
   CONSTANT SIZE    =     43    ----
   XDATA SIZE       =   ----    ----
   PDATA SIZE       =   ----    ----
   DATA SIZE        =   ----      15
   IDATA SIZE       =   ----    ----
   BIT SIZE         =   ----    ----
END OF MODULE INFORMATION.


C51 COMPILATION COMPLETE.  1 WARNING(S),  0 ERROR(S)
