C51 COMPILER V9.56.0.0   INTERRUPT                                                         07/20/2017 22:52:40 PAGE 1   


C51 COMPILER V9.56.0.0, COMPILATION OF MODULE INTERRUPT
OBJECT MODULE PLACED IN .\Objects\interrupt.obj
COMPILER INVOKED BY: C:\Keil_v5\C51\BIN\C51.EXE interrupt.c OPTIMIZE(8,SPEED) BROWSE DEBUG OBJECTEXTEND PRINT(.\Listings
                    -\interrupt.lst) OBJECT(.\Objects\interrupt.obj)

line level    source

   1          #include <reg51.h>
   2          
   3          #define uchar unsigned char
   4          #define uint unsigned int
   5              
   6          sbit LED27 = P2^7;
   7          sbit LED26 = P2^6;
   8          sbit LED25 = P2^5;
   9          sbit LED24 = P2^4;
  10          
  11          uchar num;
  12          
  13          void main(){
  14   1          LED27 = 0x01;
  15   1          LED26 = 0x01;
  16   1          LED25 = 0x01;
  17   1          LED24 = 0x01;
  18   1          TMOD = 0;
  19   1          // 11.0592MHz - 45872
  20   1          TH0 = (65536-45872)/256;
  21   1          TL0 = (65536-45872)%256;
  22   1          EA = 1;
  23   1          ET0 = 1;
  24   1          TR0 = 1;
  25   1          while(1){
  26   2              if (num == 20*8){
  27   3                  LED27 = ~LED27;
  28   3                  num = 0;
  29   3              } else if (num == 20*6){
  30   3                  LED26 = ~LED26;
  31   3              } else if (num == 20*4){
  32   3                  LED25 = ~LED25;
  33   3              } else if (num == 20*2){
  34   3                  LED24 = ~LED24;
  35   3              }
  36   2          }
  37   1      }
  38          
  39          void T0_timer() interrupt 1{
  40   1          TH0 = (65536-45872)/256;
  41   1          TL0 = (65536-45872)%256;
  42   1          // 50ms * 20 = 1sec
  43   1          num++;
  44   1      }


MODULE INFORMATION:   STATIC OVERLAYABLE
   CODE SIZE        =     71    ----
   CONSTANT SIZE    =   ----    ----
   XDATA SIZE       =   ----    ----
   PDATA SIZE       =   ----    ----
   DATA SIZE        =      1    ----
   IDATA SIZE       =   ----    ----
   BIT SIZE         =   ----    ----
C51 COMPILER V9.56.0.0   INTERRUPT                                                         07/20/2017 22:52:40 PAGE 2   

END OF MODULE INFORMATION.


C51 COMPILATION COMPLETE.  0 WARNING(S),  0 ERROR(S)
