C51 COMPILER V9.56.0.0   DEMO                                                              07/24/2017 22:38:08 PAGE 1   


C51 COMPILER V9.56.0.0, COMPILATION OF MODULE DEMO
OBJECT MODULE PLACED IN .\Objects\demo.obj
COMPILER INVOKED BY: C:\Keil_v5\C51\BIN\C51.EXE demo.c OPTIMIZE(8,SPEED) BROWSE DEBUG OBJECTEXTEND PRINT(.\Listings\demo
                    -.lst) OBJECT(.\Objects\demo.obj)

line level    source

   1          #include<reg51.h>
   2          
   3          sbit LED27 = P2^3;
   4          sbit LED26 = P2^2;
   5          sbit LED25 = P2^1;
   6          sbit LED24 = P2^0; 
   7          
   8          void main(void){
   9   1              LED27=1;        
  10   1              LED26=1;
  11   1              LED25=0;
  12   1              LED24=0;
  13   1      }


MODULE INFORMATION:   STATIC OVERLAYABLE
   CODE SIZE        =      9    ----
   CONSTANT SIZE    =   ----    ----
   XDATA SIZE       =   ----    ----
   PDATA SIZE       =   ----    ----
   DATA SIZE        =   ----    ----
   IDATA SIZE       =   ----    ----
   BIT SIZE         =   ----    ----
END OF MODULE INFORMATION.


C51 COMPILATION COMPLETE.  0 WARNING(S),  0 ERROR(S)
