C51 COMPILER V9.56.0.0   DEMO                                                              07/25/2017 16:37:04 PAGE 1   


C51 COMPILER V9.56.0.0, COMPILATION OF MODULE DEMO
OBJECT MODULE PLACED IN .\Objects\demo.obj
COMPILER INVOKED BY: C:\Keil\ARM\C51\BIN\C51.EXE demo.c OPTIMIZE(8,SPEED) BROWSE DEBUG OBJECTEXTEND PRINT(.\Listings\dem
                    -o.lst) OBJECT(.\Objects\demo.obj)

line level    source

   1          #include "debug.h"
   2          #include "i2c_a.h"
   3          #include <stdio.h>
   4          #include <string.h>
   5          
   6          void delay_1s()
   7          {
   8   1          unsigned int i, j, k;
   9   1          for (i = 100; i > 0; i--)
  10   1              for (j = 100; j > 0; j--)
  11   1                  for (k = 60; k > 0; k--)
  12   1                      ;
  13   1      }
  14          
  15          
  16          unsigned char a1,a2,a3;
  17          unsigned char a4,a5,a6,a7;
  18          char buf[64];
  19          void read()
  20          {
  21   1          dLog("Begin Read:");
  22   1          InitI2c();
  23   1          a1 = read_byte(0x0);
  24   1          a2 = read_byte(0x1);
  25   1          a3 = read_byte(0x2);
  26   1          a4 = read_byte(0x3);
  27   1          a5 = read_byte(0x4);
  28   1          a6 = read_byte(0x5);
  29   1          a7 = read_byte(0x6);
  30   1          memset(buf,0,sizeof(buf));
  31   1          sprintf(buf, "%x %x %x %x %x %x %x",
  32   1              (int)1,(int)2,(int)3,
  33   1              (int)4,(int)5,(int)6,(int)7);
  34   1          dLog(buf);
  35   1          dLog(":End Read");
  36   1      }
  37          
  38          void main()
  39          {
  40   1          dInit();
  41   1          dLog("Hello,World!\n");
  42   1          while (1) {
  43   2              read();
  44   2              delay_1s();
  45   2          }
  46   1      }


MODULE INFORMATION:   STATIC OVERLAYABLE
   CODE SIZE        =    227    ----
   CONSTANT SIZE    =     57    ----
   XDATA SIZE       =   ----    ----
   PDATA SIZE       =   ----    ----
   DATA SIZE        =     71    ----
C51 COMPILER V9.56.0.0   DEMO                                                              07/25/2017 16:37:04 PAGE 2   

   IDATA SIZE       =   ----    ----
   BIT SIZE         =   ----    ----
END OF MODULE INFORMATION.


C51 COMPILATION COMPLETE.  0 WARNING(S),  0 ERROR(S)
