C51 COMPILER V9.56.0.0   MAIN                                                              08/02/2017 19:59:10 PAGE 1   


C51 COMPILER V9.56.0.0, COMPILATION OF MODULE MAIN
OBJECT MODULE PLACED IN .\Objects\main.obj
COMPILER INVOKED BY: C:\Keil_v5\C51\BIN\C51.EXE main.c OPTIMIZE(8,SPEED) BROWSE DEBUG OBJECTEXTEND PRINT(.\Listings\main
                    -.lst) TABS(2) OBJECT(.\Objects\main.obj)

line level    source

   1          #include "i2c_lcd_hw_cfg.h"
   2          #include "soft_i2c.h"
   3          #include "I2C_LCD.h"
   4          
   5          void main()
   6          {
   7   1        KT_I2C_LCD_Init();
   8   1        KT_I2C_LCD_BackLight(1);
   9   1        KT_I2C_LCD_Clear();
  10   1        KT_I2C_LCD_Puts("Hello, World!");
  11   1        KT_I2C_LCD_NewLine();
  12   1        KT_I2C_LCD_Puts("LCD1602, PCF8574T");
  13   1        while(1);
  14   1      }


MODULE INFORMATION:   STATIC OVERLAYABLE
   CODE SIZE        =     34    ----
   CONSTANT SIZE    =     32    ----
   XDATA SIZE       =   ----    ----
   PDATA SIZE       =   ----    ----
   DATA SIZE        =      9    ----
   IDATA SIZE       =   ----    ----
   BIT SIZE         =   ----    ----
END OF MODULE INFORMATION.


C51 COMPILATION COMPLETE.  0 WARNING(S),  0 ERROR(S)
