C51 COMPILER V9.56.0.0   51HEI                                                             07/31/2017 21:50:56 PAGE 1   


C51 COMPILER V9.56.0.0, COMPILATION OF MODULE 51HEI
OBJECT MODULE PLACED IN .\Objects\51hei.obj
COMPILER INVOKED BY: C:\Keil_v5\C51\BIN\C51.EXE 51hei.c OPTIMIZE(8,SPEED) BROWSE DEBUG OBJECTEXTEND PRINT(.\Listings\51h
                    -ei.lst) TABS(2) OBJECT(.\Objects\51hei.obj)

line level    source

   1          /*
   2          *功能: 利用iic发送数据，在数码管上显示，并通过串口发生到上位机，
   3          * 且在lcd1602上显示"Han Zhu Ying Xue"
   4          * "1754410821@qq.com";
   5          *作者: 徐冉
   6          *日期: 2013-05-29-22:21 2013-5-2919:15 - 22:17
   7          *备注: 程序已经顺利通过调试，耗时3小时。
   8          */
   9          /**********HL-1开发板***********/
  10          /********AT89C52-RC MCU***********/
  11          #include <reg52.h>
  12          #define write_add 0xa0
  13          #define read_add  0xa1
  14          typedef unsigned int uint;
  15          typedef unsigned char uchar;
  16          sbit wela = P2^7;
  17          sbit dula = P2^6;
  18          //i2c
  19          sbit SCL = P2^0;
  20          sbit SDA = P2^1;
  21          //LCD1602
  22          sbit RS = P1^0;
  23          sbit RW = P1^1;
  24          sbit EN = P2^5;
  25          sbit BUSY = P0^7;
  26          uchar num, flag;
  27          uchar code string_1[] = "Han Zhu Ying Xue";
  28          uchar code string_2[] = "1754410821@qq.com";
  29          uchar code table[] = {
  30          
  31          
  32                           0x3F,  //"0"
  33                           0x06,  //"1"
  34                           0x5B,  //"2"
  35                           0x4F,  //"3"
  36                           0x66,  //"4"
  37                           0x6D,  //"5"
  38                           0x7D,  //"6"
  39                           0x07,  //"7"
  40                           0x7F,  //"8"
  41                           0x6F  //"9"
  42                    };
  43          
  44          
  45          /********************************************************************/
  46          /**********************LCD1602底层驱动程序***************************/
  47          /********************************************************************/
  48          //delay: 延时xms
  49          void delay(uint xms)
  50          {
  51   1        uchar i, j;
  52   1        for(i = 0; i < xms; i++)
  53   1         for(j = 0; j < 110; j++);
  54   1      }
C51 COMPILER V9.56.0.0   51HEI                                                             07/31/2017 21:50:56 PAGE 2   

  55          //wait: 判忙等待
  56          void wait()
  57          {
  58   1        P0 = 0xff;
  59   1        do
  60   1        {
  61   2          RS = 0;
  62   2          RW = 1;
  63   2          EN = 0;
  64   2          EN = 1;
  65   2        }while(BUSY == 1);
  66   1        EN = 0;
  67   1      }
  68          //write:cmd 写入命令
  69          void write_cmd(uchar cmd)
  70          {
  71   1        RS = 0;
  72   1        RW = 0;
  73   1        EN = 0;
  74   1        P0 = cmd;
  75   1        EN = 1;
  76   1        EN = 0; 
  77   1      }
  78          //write:data  写入数据
  79          void write_data(uchar datas)
  80          {
  81   1        RS = 1;
  82   1        RW = 0;
  83   1        EN = 0;
  84   1        P0 = datas;
  85   1        EN = 1;
  86   1        EN = 0;
  87   1      }
  88          //send:string 发送一串字符
  89          void send_string(uchar* str)
  90          {
  91   1        while(*str != '\0')
  92   1        {
  93   2          write_data(*str++);
  94   2        }
  95   1      }
  96          //lcd1602:init  LCD1602 显示初始化
  97          void lcd_init()
  98          {
  99   1        delay(15);
 100   1        write_cmd(0x38);
 101   1        delay(5);
 102   1        write_cmd(0x38);
 103   1        delay(5);
 104   1        write_cmd(0x38);
 105   1        wait();
 106   1        write_cmd(0x38); //设置16 * 2,5 * 7点阵
 107   1        wait();
 108   1        write_cmd(0x08);
 109   1        wait();
 110   1        write_cmd(0x01);//清屏
 111   1        wait();
 112   1        write_cmd(0x06);
 113   1        wait();
 114   1        write_cmd(0x0c); //开显示
 115   1      }
 116          /********************************************************************/
C51 COMPILER V9.56.0.0   51HEI                                                             07/31/2017 21:50:56 PAGE 3   

 117          /*******************I2C模拟通信及AT24C02底层驱动程序****************/
 118          /********************************************************************/
 119          //AT24C02
 120          //delayus:  延时约5us
 121          void delayus()
 122          {
 123   1        ;;
 124   1      }
 125          //i2c:init  I2C总线初始化
 126          void i2c_init()
 127          {
 128   1        SCL = 1;
 129   1        delayus();
 130   1        SDA = 1;
 131   1        delayus();  
 132   1      }
 133          //lcd:start  起始信号
 134          void start()
 135          {
 136   1        SCL = 1;
 137   1        SDA = 1;
 138   1        delayus();
 139   1        SDA = 0;
 140   1        delayus();
 141   1      }
 142          //i2c:stop  停止信号
 143          void stop()
 144          {
 145   1        SCL = 1;
 146   1        SDA = 0;
 147   1        delayus();
 148   1        SDA = 1;
 149   1        delayus();  
 150   1      }
 151          //i2c:ack 从机应答信号
 152          void ack()
 153          {
 154   1        uchar i = 0;
 155   1        //在SCL = 1时，读取SDA的数据判忙
 156   1        SCL = 1;
 157   1        delayus();
 158   1        while((SDA == 1)&& i < 250)
 159   1        i++;
 160   1        //判忙之后，等待发送数据/命令
 161   1        SCL = 0;
 162   1        delayus();
 163   1      }
 164          //nack: 主机非应答信号
 165          void nack()
 166          {
 167   1        //主机发送非应答信号1
 168   1        SCL = 1;
 169   1        delayus();
 170   1        SDA = 1;
 171   1        delayus();
 172   1        //等待发送数据/命令
 173   1        SCL = 0;
 174   1        delayus();
 175   1      }
 176          //write:byte  写一个字节数据
 177          void write_byte(uchar date)
 178          { //从最高位发送
C51 COMPILER V9.56.0.0   51HEI                                                             07/31/2017 21:50:56 PAGE 4   

 179   1        uchar i, temp;
 180   1        temp = date;
 181   1        for(i = 0; i < 8; i++)
 182   1        {
 183   2          temp <<= 1;
 184   2          SCL = 0;
 185   2          delayus();
 186   2          SDA = CY;
 187   2          delayus();
 188   2          SCL = 1;
 189   2          delayus();
 190   2          SCL = 0;
 191   2          delayus();
 192   2        }
 193   1        //等待从机应答
 194   1        SCL = 0;
 195   1        delayus();
 196   1        SDA = 1;//置1,等待从机应答0
 197   1        delayus();
 198   1      }
 199          //read:byte  读一个字节数据
 200          uchar read_byte()
 201          {
 202   1        uchar i, j, k;
 203   1        SCL = 0;
 204   1        delayus();
 205   1        for(i =  0; i < 8; i++)
 206   1        {
 207   2          SCL = 1;
 208   2          delayus();
 209   2          j = SDA;
 210   2          k = (k << 1) | j;
 211   2          delayus();
 212   2          SCL = 0;
 213   2          delayus();
 214   2        }
 215   1        delayus();
 216   1        return (k);
 217   1      }
 218          //write:AT24C02  写AT24C02
 219          void write_c02(uchar address, uchar date)
 220          {
 221   1        start();
 222   1        write_byte(write_add);
 223   1        ack();
 224   1        write_byte(address);
 225   1        ack();
 226   1        write_byte(date);
 227   1        ack();
 228   1        stop();
 229   1        delay(12);  
 230   1      }
 231          //read:AT24C02  读AT24C02
 232          uchar read_c02(uchar add)
 233          {
 234   1        uchar date = 0;
 235   1        start();
 236   1        write_byte(write_add);
 237   1        ack();
 238   1        write_byte(add);
 239   1        ack();
 240   1        start();
C51 COMPILER V9.56.0.0   51HEI                                                             07/31/2017 21:50:56 PAGE 5   

 241   1        write_byte(read_add);
 242   1        ack();
 243   1        date = read_byte();
 244   1        nack();
 245   1        return (date);
 246   1      }
 247          //display: 数码管显示程序
 248          void display(uchar num)
 249          {
 250   1        uchar bai, shi, ge;
 251   1        bai = num / 100 % 10;
 252   1        shi = num / 10 % 10;
 253   1        ge = num % 10;
 254   1      
 255   1      
 256   1        dula = 1;
 257   1        P0 = table[bai];
 258   1        dula = 0;
 259   1        P0 = 0xff;
 260   1        wela = 1;
 261   1        P0 = 0xfe;
 262   1        wela = 0;
 263   1        P0 = 0x00;
 264   1        delay(1);
 265   1      
 266   1      
 267   1        dula = 1;
 268   1        P0 = table[shi];
 269   1        dula = 0;
 270   1        P0 = 0xff;
 271   1        wela = 1;
 272   1        P0 = 0xfd;
 273   1        wela = 0;
 274   1        P0 = 0x00;
 275   1        delay(1);
 276   1      
 277   1      
 278   1        dula = 1;
 279   1        P0 = table[ge];
 280   1        dula = 0;
 281   1        P0 = 0xff;
 282   1        wela = 1;
 283   1        P0 = 0xfb;
 284   1        wela = 0;
 285   1        P0 = 0x00;
 286   1        delay(1);
 287   1      }
 288          /********************************************************************/
 289          /*************************UART串口通信******************************/
 290          /********************************************************************/
 291          //uart:init UART初始化
 292          void uart_init()
 293          {
 294   1        TMOD = 0x20;
 295   1        TH1 = 0xFD; //9600bps/s
 296   1        TL1 = 0xFD;
 297   1        TR1 = 1;
 298   1        SM0 = 0;
 299   1        SM1 = 1;
 300   1        REN = 1;
 301   1        EA = 1;
 302   1        ES = 1;
C51 COMPILER V9.56.0.0   51HEI                                                             07/31/2017 21:50:56 PAGE 6   

 303   1      } 
 304          //main: 主程序
 305          void main(void)
 306          {
 307   1        i2c_init();
 308   1          lcd_init();
 309   1        uart_init();
 310   1        //LCD1602
 311   1        write_cmd(0x80);
 312   1        send_string(string_1);
 313   1        write_cmd(0x80 + 0x40);
 314   1        send_string(string_2);
 315   1        //AT24C02
 316   1        write_c02(0x0a, 0xaa);
 317   1        num = read_c02(0x0a);
 318   1        while(1)
 319   1        {
 320   2          display(num);
 321   2          if(flag == 1)
 322   2          {
 323   3            ES = 0;
 324   3            SBUF = num;
 325   3            while(!TI);
 326   3            TI = 0; 
 327   3            flag = 0;
 328   3            ES = 1;
 329   3          }
 330   2        }
 331   1      }
 332          //UART:INT 串口中断程序
 333          void uart_int() interrupt 4
 334          {
 335   1        RI = 0;
 336   1        num = SBUF;
 337   1        flag = 1;
 338   1      }


MODULE INFORMATION:   STATIC OVERLAYABLE
   CODE SIZE        =    601    ----
   CONSTANT SIZE    =     45    ----
   XDATA SIZE       =   ----    ----
   PDATA SIZE       =   ----    ----
   DATA SIZE        =      2       3
   IDATA SIZE       =   ----    ----
   BIT SIZE         =   ----    ----
END OF MODULE INFORMATION.


C51 COMPILATION COMPLETE.  0 WARNING(S),  0 ERROR(S)
