C51 COMPILER V9.56.0.0   LED_7SEGMENT                                                      07/21/2017 17:24:10 PAGE 1   


C51 COMPILER V9.56.0.0, COMPILATION OF MODULE LED_7SEGMENT
OBJECT MODULE PLACED IN .\Objects\led_7segment.obj
COMPILER INVOKED BY: C:\Keil\ARM\C51\BIN\C51.EXE led_7segment.c OPTIMIZE(8,SPEED) BROWSE DEBUG OBJECTEXTEND PRINT(.\List
                    -ings\led_7segment.lst) TABS(2) OBJECT(.\Objects\led_7segment.obj)

line level    source

   1          #include <reg51.h>
   2          
   3          unsigned char code num[]={0xc0,0xf9,0xa4,0xb0,0x99,0x92,0x82,0xf8,0x80,0x90,0x88,0x83,0xc6,0xa1,0x86,0x8e}
             -;
   4          
   5          void delay_ms(unsigned int z)   
   6          {
   7   1        unsigned int i,j;
   8   1        for(i=z;i>0;i--)
   9   1           for(j=110;j>0;j--);        
  10   1      }
  11          
  12          void main()
  13          {
  14   1          unsigned int i;
  15   1          while(1)
  16   1          {
  17   2              for(i=0;i<16;i++)
  18   2              {
  19   3                 P2=num[i];
  20   3                 delay_ms(500);
  21   3                 P2=0xff;
  22   3                 delay_ms(100);
  23   3              }
  24   2          }
  25   1      }


MODULE INFORMATION:   STATIC OVERLAYABLE
   CODE SIZE        =     77    ----
   CONSTANT SIZE    =     16    ----
   XDATA SIZE       =   ----    ----
   PDATA SIZE       =   ----    ----
   DATA SIZE        =   ----    ----
   IDATA SIZE       =   ----    ----
   BIT SIZE         =   ----    ----
END OF MODULE INFORMATION.


C51 COMPILATION COMPLETE.  0 WARNING(S),  0 ERROR(S)
