C51 COMPILER V9.56.0.0   LEDX4                                                             07/22/2017 18:22:46 PAGE 1   


C51 COMPILER V9.56.0.0, COMPILATION OF MODULE LEDX4
OBJECT MODULE PLACED IN .\Objects\ledx4.obj
COMPILER INVOKED BY: C:\Keil\ARM\C51\BIN\C51.EXE ledx4.c OPTIMIZE(8,SPEED) BROWSE DEBUG OBJECTEXTEND PRINT(.\Listings\le
                    -dx4.lst) TABS(2) OBJECT(.\Objects\ledx4.obj)

line level    source

   1          #include <reg52.h>
   2          #include "7seg.h"
   3          
   4          // upside l->r
   5          sbit k1 = P1^5;//1 12
   6          sbit SA = P1^4;//a 11
   7          sbit SF = P1^3;//f 10
   8          sbit k2 = P1^2;//2 9
   9          sbit k3 = P1^1;//3 8
  10          sbit SB = P1^0;//b 7
  11          
  12          // downside l->r
  13          sbit SE = P2^0;//e 1
  14          sbit SD = P2^1;//d 2
  15          sbit SZ = P2^2;//dp 3
  16          sbit SC = P2^3;//c 4
  17          sbit SG = P2^4;//g 5
  18          sbit k4 = P2^5;//4 6
  19          
  20          void turn_off(){
  21   1          k1 = k2 = k3 = k4 = 1;
  22   1      }
  23          
  24          void show_num(unsigned char num){
  25   1        unsigned char c = CATHODE[num];
  26   1        SA = (c >> 0) & 0x01;
  27   1        SB = (c >> 1) & 0x01;
  28   1        SC = (c >> 2) & 0x01;
  29   1        SD = (c >> 3) & 0x01;
  30   1        SE = (c >> 4) & 0x01;
  31   1        SF = (c >> 5) & 0x01;
  32   1        SG = (c >> 6) & 0x01;
  33   1        SZ = (c >> 7) & 0x01;
  34   1      
  35   1      }
  36          
  37          void show_all(unsigned char num){
  38   1        SA = SB = SC = SD = SE = SF = SG = 0;
  39   1        SZ = 1;
  40   1      }
*** WARNING C280 IN LINE 37 OF ledx4.c: 'num': unreferenced local variable
  41          
  42          void delay(unsigned int z)
  43          {
  44   1        unsigned int i,j;
  45   1        for(i=z;i>0;i--)
  46   1          for (j = 110; j > 0; j--)
  47   1            ;
  48   1      }
  49          
  50          void main()
  51          {
  52   1          while (1) {
  53   2      
C51 COMPILER V9.56.0.0   LEDX4                                                             07/22/2017 18:22:46 PAGE 2   

  54   2            // 1 left high
  55   2            turn_off();
  56   2            k1 = 0;
  57   2            show_num(4);
  58   2            delay(5);
  59   2      
  60   2            // 2
  61   2            turn_off();
  62   2            k2 = 0;
  63   2            show_num(3);
  64   2            delay(5);
  65   2      
  66   2            // 3
  67   2            turn_off();
  68   2            k3 = 0;
  69   2            show_num(2);
  70   2            delay(5);
  71   2      
  72   2            //4 right low
  73   2            turn_off();
  74   2            k4 = 0;
  75   2            show_num(1);
  76   2            delay(5);
  77   2          }
  78   1      }
  79          
  80          
  81          
  82          
  83          
  84          
  85          
  86          
  87          
  88          
  89          
  90          
  91          
  92          
  93          


MODULE INFORMATION:   STATIC OVERLAYABLE
   CODE SIZE        =    174    ----
   CONSTANT SIZE    =     32    ----
   XDATA SIZE       =   ----    ----
   PDATA SIZE       =   ----    ----
   DATA SIZE        =   ----       1
   IDATA SIZE       =   ----    ----
   BIT SIZE         =   ----    ----
END OF MODULE INFORMATION.


C51 COMPILATION COMPLETE.  1 WARNING(S),  0 ERROR(S)
