C51 COMPILER V9.56.0.0   LEDX4                                                             07/23/2017 18:44:30 PAGE 1   


C51 COMPILER V9.56.0.0, COMPILATION OF MODULE LEDX4
OBJECT MODULE PLACED IN .\Objects\ledx4.obj
COMPILER INVOKED BY: C:\Keil\ARM\C51\BIN\C51.EXE ledx4.c OPTIMIZE(8,SPEED) BROWSE DEBUG OBJECTEXTEND PRINT(.\Listings\le
                    -dx4.lst) TABS(2) OBJECT(.\Objects\ledx4.obj)

line level    source

   1          #include <reg52.h>
   2          #include "7seg.h"
   3          
   4          // for STC89C52RC
   5          
   6          // upside l->r
   7          sbit k1 = P1^5;//1 12
   8          sbit SA = P1^4;//a 11
   9          sbit SF = P1^3;//f 10
  10          sbit k2 = P1^2;//2 9
  11          sbit k3 = P1^1;//3 8
  12          sbit SB = P1^0;//b 7
  13          
  14          // downside l->r
  15          sbit SE = P2^0;//e 1
  16          sbit SD = P2^1;//d 2
  17          sbit SZ = P2^2;//dp 3
  18          sbit SC = P2^3;//c 4
  19          sbit SG = P2^4;//g 5
  20          sbit k4 = P2^5;//4 6
  21          
  22          unsigned int num;
  23          unsigned int seconds = 9753;
  24          unsigned int temp, d1, d2, d3, d4;
  25          
  26          void turn_off(){
  27   1          k1 = k2 = k3 = k4 = 1;
  28   1      }
  29          
  30          void T0_timer() interrupt 1
  31          {
  32   1          TH0 = (65536 - 45872) / 256;
  33   1          TL0 = (65536 - 45872) % 256;
  34   1          // 10ms * 100 = 1sec
  35   1          num++;
  36   1          if (num == 100) {
  37   2              num = 0;
  38   2              seconds++;
  39   2          }
  40   1      }
  41          
  42          void show_num(unsigned char num){
  43   1        unsigned char c = CATHODE[num];
  44   1        SA = (c >> 0) & 0x01;
  45   1        SB = (c >> 1) & 0x01;
  46   1        SC = (c >> 2) & 0x01;
  47   1        SD = (c >> 3) & 0x01;
  48   1        SE = (c >> 4) & 0x01;
  49   1        SF = (c >> 5) & 0x01;
  50   1        SG = (c >> 6) & 0x01;
  51   1        SZ = (c >> 7) & 0x01;
  52   1      
  53   1      }
  54          
C51 COMPILER V9.56.0.0   LEDX4                                                             07/23/2017 18:44:30 PAGE 2   

  55          void delay(unsigned int z)
  56          {
  57   1        unsigned int i,j;
  58   1        for(i=z;i>0;i--)
  59   1          for (j = 110; j > 0; j--)
  60   1            ;
  61   1      }
  62          
  63          void update_led()
  64          {
  65   1          temp = seconds;
  66   1          if (temp > 9999) {
  67   2              temp = temp % 1000;
  68   2          }
  69   1          d1 = temp / 1000;
  70   1          temp = temp % 1000;
  71   1          d2 = temp / 100;
  72   1          temp = temp % 100;
  73   1          d3 = temp / 10;
  74   1          temp = temp % 10;
  75   1          d4 = temp;
  76   1          turn_off();
  77   1          k1 = 0;
  78   1          show_num(d1);
  79   1          delay(5);
  80   1          turn_off();
  81   1          k2 = 0;
  82   1          show_num(d2);
  83   1          delay(5);
  84   1          turn_off();
  85   1          k3 = 0;
  86   1          show_num(d3);
  87   1          delay(5);
  88   1          turn_off();
  89   1          k4 = 0;
  90   1          show_num(d4);
  91   1          delay(5);
  92   1      }
  93          
  94          void main()
  95          {
  96   1          turn_off();
  97   1          TMOD = 0;
  98   1          // 11.0592MHz - 45872
  99   1          TH0 = (65536 - 45872) / 256;
 100   1          TL0 = (65536 - 45872) % 256;
 101   1          EA = 1;
 102   1          ET0 = 1;
 103   1          TR0 = 1;
 104   1          while (1) {
 105   2              update_led();
 106   2          }
 107   1      }
 108          
 109          
 110          
 111          
 112          
 113          
 114          
 115          
 116          
C51 COMPILER V9.56.0.0   LEDX4                                                             07/23/2017 18:44:30 PAGE 3   

 117          
 118          
 119          
 120          
 121          
 122          


MODULE INFORMATION:   STATIC OVERLAYABLE
   CODE SIZE        =    342    ----
   CONSTANT SIZE    =     32    ----
   XDATA SIZE       =   ----    ----
   PDATA SIZE       =   ----    ----
   DATA SIZE        =     14    ----
   IDATA SIZE       =   ----    ----
   BIT SIZE         =   ----    ----
END OF MODULE INFORMATION.


C51 COMPILATION COMPLETE.  0 WARNING(S),  0 ERROR(S)
