C51 COMPILER V9.56.0.0   SOFT_I2C                                                          08/02/2017 20:52:02 PAGE 1   


C51 COMPILER V9.56.0.0, COMPILATION OF MODULE SOFT_I2C
OBJECT MODULE PLACED IN .\Objects\Soft_I2C.obj
COMPILER INVOKED BY: C:\Keil_v5\C51\BIN\C51.EXE Soft_I2C.c OPTIMIZE(8,SPEED) BROWSE DEBUG OBJECTEXTEND PRINT(.\Listings\
                    -Soft_I2C.lst) TABS(2) OBJECT(.\Objects\Soft_I2C.obj)

line level    source

   1          #include <reg51.h>
   2          
   3          #include "soft_i2c.h"
   4          
   5          void I2C_Init(void) {
   6   1        SDA = 1;
   7   1        SCL = 1;
   8   1        Delay10us();
*** WARNING C206 IN LINE 8 OF Soft_I2C.c: 'Delay10us': missing function-prototype
   9   1        Delay10us();
  10   1      }
  11          
  12          void I2C_Start(void) {
  13   1        SDA = 1;
  14   1        Delay10us();
  15   1        SCL = 1;
  16   1        Delay10us();
  17   1        SDA = 0;
  18   1        Delay10us();
  19   1        SCL = 0;
  20   1        Delay10us();
  21   1      }
  22          
  23          void I2C_Stop(void) {
  24   1        SCL = 0;
  25   1        Delay10us();
  26   1        SDA = 0;
  27   1        Delay10us();
  28   1        SCL = 1;
  29   1        Delay10us();
  30   1        SDA = 1;
  31   1        Delay10us();
  32   1      }
  33          
  34          uint8_t I2C_Write(uint8_t u8Data) {
  35   1        uint8_t i, ret;
  36   1        for(i=0; i<8; ++i) {
  37   2          if(u8Data&0x80) {
  38   3            SDA = 1;
  39   3          } else {
  40   3            SDA = 0;
  41   3          }
  42   2          Delay10us();
  43   2          SCL = 1;
  44   2          Delay10us();
  45   2          Delay10us();
  46   2          SCL = 0;
  47   2          Delay10us();
  48   2          u8Data<<=1;
  49   2        }
  50   1      
  51   1        SDA = 1;
  52   1        Delay10us();
  53   1        SCL = 1;
C51 COMPILER V9.56.0.0   SOFT_I2C                                                          08/02/2017 20:52:02 PAGE 2   

  54   1        Delay10us();
  55   1        if(SDA) {
  56   2          ret=1;
  57   2        } else {
  58   2          ret=0;
  59   2        }
  60   1        Delay10us();
  61   1        SCL = 0;
  62   1        Delay10us();
  63   1        return ret;
  64   1      }
  65          
  66          uint8_t I2C_Read(uint8_t u8Ack) {
  67   1        uint8_t i, ret;
  68   1        for(i=0; i<8; ++i) {
  69   2          ret<<=1;
  70   2          Delay10us();
  71   2          SCL = 1;
  72   2          Delay10us();
  73   2          if(SDA) {
  74   3            ret|=0x01;
  75   3          }
  76   2          Delay10us();
  77   2          SCL = 0;
  78   2          Delay10us();
  79   2        }
  80   1      
  81   1        if(u8Ack) {
  82   2          SDA = 1;
  83   2        } else {
  84   2          SDA = 0;
  85   2        }
  86   1        Delay10us();
  87   1        SCL = 1;
  88   1        Delay10us();
  89   1        Delay10us();
  90   1        SCL = 0;
  91   1        Delay10us();
  92   1        return ret;
  93   1      }


MODULE INFORMATION:   STATIC OVERLAYABLE
   CODE SIZE        =    200    ----
   CONSTANT SIZE    =   ----    ----
   XDATA SIZE       =   ----    ----
   PDATA SIZE       =   ----    ----
   DATA SIZE        =   ----       6
   IDATA SIZE       =   ----    ----
   BIT SIZE         =   ----    ----
END OF MODULE INFORMATION.


C51 COMPILATION COMPLETE.  1 WARNING(S),  0 ERROR(S)
