C51 COMPILER V9.56.0.0   MAIN                                                              07/30/2017 17:42:23 PAGE 1   


C51 COMPILER V9.56.0.0, COMPILATION OF MODULE MAIN
OBJECT MODULE PLACED IN .\Objects\main.obj
COMPILER INVOKED BY: C:\Keil\ARM\C51\BIN\C51.EXE main.c OPTIMIZE(8,SPEED) BROWSE DEBUG OBJECTEXTEND PRINT(.\Listings\mai
                    -n.lst) OBJECT(.\Objects\main.obj)

line level    source

   1          #include "tm1637.h"
   2          
   3          void time_set(int min, int sec);
   4          void time_display( void );
   5          void timer0_init( void );
   6          
   7          static unsigned char dpFlag = 0; //控制第二个数码管的dp的显示
   8          
   9          unsigned int count = 0;
  10          unsigned int seconds = 0;
  11          
  12          /***********************************************************
  13          *****
  14          ***** 主函数
  15          *****
  16          ***********************************************************/
  17          void main( void )
  18          {
  19   1          timer0_init();
  20   1          time_set(30, 0);
  21   1          TM1637_init();
  22   1          while(1)
  23   1          {
  24   2              time_display();
  25   2              dpFlag = (count < 10);
  26   2              if(count == 20){
  27   3                  count = 0;
  28   3                  if(seconds > 0){
  29   4                      seconds--;
  30   4                  }
  31   3              }
  32   2              delay_ms(10);
  33   2          }
  34   1      }
  35          
  36          void time_set(int min, int sec)
  37          {
  38   1          seconds = min*60 + sec;
  39   1      }
  40          
  41          /********************************************************************
  42          * 名称 : void time_display( void )
  43          * 功能 : 显示时间
  44          * 输入 : void
  45          * 输出 : 无
  46          **************************************************************/
  47          void time_display( void )
  48          {
  49   1          unsigned int min,sec;
  50   1          unsigned char mh,ml,sh,sl;
  51   1          //seconds = 2601;
  52   1          min = seconds/60;
  53   1          sec = seconds%60;
  54   1          mh = min/10;
C51 COMPILER V9.56.0.0   MAIN                                                              07/30/2017 17:42:23 PAGE 2   

  55   1          ml = min%10;
  56   1          sh = sec/10;
  57   1          sl = sec%10;
  58   1          
  59   1          TM1637_start();
  60   1          TM1637_writeCommand(0x44);
  61   1          TM1637_writeData(0xc0, CATHODE[mh]);
  62   1          //小数点标志为1则用小数点那个数组
  63   1          TM1637_writeData(0xc1, (dpFlag||seconds==0)?CATHODE_DOT[ml]:CATHODE[ml]); 
  64   1          TM1637_writeData(0xc2, CATHODE[sh]);
  65   1          TM1637_writeData(0xc3, CATHODE[sl]);
  66   1          TM1637_stop();
  67   1      }
  68          
  69          /********************************************************************
  70          * 名称 : void timer0_init()
  71          * 功能 : 定时50ms，实际运行中由于指令运行造成的延时，实际时间肯定大于50ms
  72          * 输入 : 无
  73          * 输出 : 无
  74          **************************************************************/
  75          void timer0_init( void )
  76          {
  77   1          TMOD=0X01;
  78   1          TH0=(65535-45872)/256;
  79   1          TL0=(65535-45872)%256;
  80   1          ET0=1;
  81   1          EA=1;
  82   1          TR0=1;
  83   1      }
  84          
  85          
  86          /********************************************************************
  87          * 名称 :
  88          * 功能 : 定时50ms，实际运行中由于指令运行造成的延时，实际时间肯定大于50ms
  89          * 输入 : 无
  90          * 输出 : 无
  91          **************************************************************/
  92          void timer0_isr() interrupt 1
  93          {
  94   1          TH0=(65535-45872)/256;  //50ms
  95   1          TL0=(65535-45872)%256;  //
  96   1          count++;
  97   1      }


MODULE INFORMATION:   STATIC OVERLAYABLE
   CODE SIZE        =    292    ----
   CONSTANT SIZE    =   ----    ----
   XDATA SIZE       =   ----    ----
   PDATA SIZE       =   ----    ----
   DATA SIZE        =      5       6
   IDATA SIZE       =   ----    ----
   BIT SIZE         =   ----    ----
END OF MODULE INFORMATION.


C51 COMPILATION COMPLETE.  0 WARNING(S),  0 ERROR(S)
